// Jest Snapshot v1, https://goo.gl/fbAQLP

exports[`Pokemon Card Render ok 1`] = `ShallowWrapper {}`;
