// Jest Snapshot v1, https://goo.gl/fbAQLP

exports[`Type Chip mount ok 1`] = `ReactWrapper {}`;
